[Dbg] [gz.cc:166] Subscribing to [/gazebo/starting_world].
[Dbg] [gz.cc:168] Waiting for a world to be set from the GUI...
[Msg] Received world [../gz_gepetto_humanoids_models/h1_2/h1_2_with_ground.sdf] from the GUI.
[Dbg] [gz.cc:172] Unsubscribing from [/gazebo/starting_world].
[Msg] Gazebo Sim Server v8.9.0
[Msg] Loading SDF world file[/work/h1-dds/gz_gepetto_humanoids_models/h1_2/h1_2_with_ground.sdf].
Warning [Utils.cc:132] [/sdf/world[@name="empty"]/model[@name="h1_2"]/sensor[@name="imu_sensor"]:/work/h1-dds/gz_gepetto_humanoids_models/h1_2/h1_2_with_ground.sdf:L72]: XML Element[sensor], child of element[model], not defined in SDF. Copying[sensor] as children of [model].
[GUI] [Wrn] [Application.cc:908] [QT] file:///usr/lib/x86_64-linux-gnu/qt5/qml/QtQuick/Dialogs/DefaultFileDialog.qml:413:17: QML ToolButton: Binding loop detected for property "implicitHeight"
[GUI] [Wrn] [Application.cc:908] [QT] file:///usr/lib/x86_64-linux-gnu/qt5/qml/QtQuick/Dialogs/DefaultFileDialog.qml:309:21: QML Button: Binding loop detected for property "implicitHeight"
[GUI] [Wrn] [Application.cc:908] [QT] file:///usr/lib/x86_64-linux-gnu/qt5/qml/QtQuick/Dialogs/DefaultFileDialog.qml:309:21: QML Button: Binding loop detected for property "implicitHeight"
[GUI] [Wrn] [Application.cc:908] [QT] file:///usr/lib/x86_64-linux-gnu/qt5/qml/QtQuick/Dialogs/DefaultFileDialog.qml:413:17: QML ToolButton: Binding loop detected for property "implicitHeight"
[GUI] [Wrn] [Application.cc:908] [QT] file:///usr/lib/x86_64-linux-gnu/qt5/qml/QtQuick/Dialogs/DefaultFileDialog.qml:309:21: QML Button: Binding loop detected for property "implicitHeight"
[GUI] [Wrn] [Application.cc:908] [QT] file:///usr/lib/x86_64-linux-gnu/qt5/qml/QtQuick/Dialogs/DefaultFileDialog.qml:309:21: QML Button: Binding loop detected for property "implicitHeight"
[Err] [SystemLoader.cc:92] Failed to load system plugin [gz-sim-apply-joints-forces-system] : Could not find shared library.
[GUI] [Wrn] [Application.cc:908] [QT] file:///usr/lib/x86_64-linux-gnu/qt5/qml/QtQuick/Dialogs/DefaultFileDialog.qml:413:17: QML ToolButton: Binding loop detected for property "implicitHeight"
[GUI] [Wrn] [Application.cc:908] [QT] file:///usr/lib/x86_64-linux-gnu/qt5/qml/QtQuick/Dialogs/DefaultFileDialog.qml:309:21: QML Button: Binding loop detected for property "implicitHeight"
[GUI] [Wrn] [Application.cc:908] [QT] file:///usr/lib/x86_64-linux-gnu/qt5/qml/QtQuick/Dialogs/DefaultFileDialog.qml:309:21: QML Button: Binding loop detected for property "implicitHeight"
[Msg] Serving entity system service on [/entity/system/add]
[Msg] [Unitree] Created instance on DDS domain 1 with network interface 'lo'
[Msg] [Unitree] Created publisher on channel 'rt/lowstate'
[Msg] [Unitree] Created subscriber on channel 'rt/lowcmd'
[Msg] [Unitree] Enabled velocity and position checking for all of model's joints
[Dbg] [SystemManager.cc:80] Loaded system [gz::sim::systems::UnitreePlugin] for entity [8]
[Dbg] [SystemManager.cc:80] Loaded system [gz::sim::systems::Imu] for entity [8]
[Dbg] [SystemManager.cc:80] Loaded system [gz::sim::systems::JointStatePublisher] for entity [8]
[Msg] Loaded level [default]
[Msg] No systems loaded from SDF, loading defaults
[Dbg] [ServerConfig.cc:1034] Loaded (3) plugins from file [/home/glebihan/.gz/sim/8/server.config]
[Dbg] [Physics.cc:883] Loaded [gz::physics::dartsim::Plugin] from library [/usr/lib/x86_64-linux-gnu/gz-physics-7/engine-plugins/libgz-physics-dartsim-plugin.so]
[Dbg] [SystemManager.cc:80] Loaded system [gz::sim::systems::Physics] for entity [1]
[Msg] Create service on [/world/empty/create]
[Msg] Remove service on [/world/empty/remove]
[Msg] Pose service on [/world/empty/set_pose]
[Msg] Pose service on [/world/empty/set_pose_vector]
[Msg] Light configuration service on [/world/empty/light_config]
[Msg] Physics service on [/world/empty/set_physics]
[Msg] SphericalCoordinates service on [/world/empty/set_spherical_coordinates]
[Msg] Enable collision service on [/world/empty/enable_collision]
[Msg] Disable collision service on [/world/empty/disable_collision]
[Msg] Material service on [/world/empty/visual_config]
[Msg] Material service on [/world/empty/wheel_slip]
[Dbg] [SystemManager.cc:80] Loaded system [gz::sim::systems::UserCommands] for entity [1]
[Dbg] [SystemManager.cc:80] Loaded system [gz::sim::systems::SceneBroadcaster] for entity [1]
[Msg] Serving world controls on [/world/empty/control], [/world/empty/control/state] and [/world/empty/playback/control]
[Msg] Serving GUI information on [/world/empty/gui/info]
[Msg] World [empty] initialized with [default_physics] physics profile.
[Msg] Serving world SDF generation service on [/world/empty/generate_world_sdf]
[Msg] Serving world names[Msg] Gazebo Sim GUI    v8.9.0
[Msg] Detected Wayland. Setting Qt to use the xcb plugin: 'QT_QPA_PLATFORM=xcb'.
[Dbg] [Gui.cc:275] Waiting for subscribers to [/gazebo/starting_world]...
[Dbg] [Application.cc:96] Initializing application.
[Dbg] [Application.cc:170] Qt using OpenGL graphics interface
[GUI] [Dbg] [Application.cc:657] Create main window
[GUI] [Dbg] [PathManager.cc:68] Requesting resource paths through [/gazebo/resource_paths/get]
[GUI] [Dbg] [Gui.cc:355] GUI requesting list of world names. The server may be busy downloading resources. Please be patient.
[GUI] [Dbg] [PathManager.cc:57] Received resource paths.
[GUI] [Dbg] [Gui.cc:413] Requesting GUI from [/world/empty/gui/info]...
[GUI] [Dbg] [GuiRunner.cc:149] Requesting initial state from [/world/empty/state]...
[GUI] [Msg] Loading config [/home/glebihan/.gz/sim/8/gui.config]
[GUI] [Dbg] [Application.cc:528] Loading plugin [MinimalScene]
[GUI] [Dbg] [MinimalScene.cc:802] Creating gz-rendering interface for OpenGL
[GUI] [Dbg] [MinimalScene.cc:802] Creating gz-rendering interface for OpenGL
[GUI] [Dbg] [MinimalScene.cc:986] Creating render thread interface for OpenGL
[GUI] [Dbg] [MinimalScene.cc:802] Creating gz-rendering interface for OpenGL
[GUI] [Dbg] [MinimalScene.cc:986] Creating render thread interface for OpenGL
[GUI] [Msg] Added plugin [3D View] to main window
[GUI] [Msg] Loaded plugin [MinimalScene] from path [/usr/lib/x86_64-linux-gnu/gz-gui-8/plugins/libMinimalScene.so]
[GUI] [Dbg] [Application.cc:528] Loading plugin [EntityContextMenuPlugin]
[GUI] [Msg] Currently tracking topic on [/gui/currently_tracked]
[GUI] [Msg] Added plugin [Entity Context Menu] to main window
[GUI] [Msg] Loaded plugin [EntityContextMenuPlugin] from path [/usr/lib/x86_64-linux-gnu/gz-sim-8/plugins/gui/libEntityContextMenuPlugin.so]
[GUI] [Dbg] [Application.cc:528] Loading plugin [GzSceneManager]
[GUI] [Msg] Added plugin [Scene Manager] to main window
[GUI] [Msg] Loaded plugin [GzSceneManager] from path [/usr/lib/x86_64-linux-gnu/gz-sim-8/plugins/gui/libGzSceneManager.so]
[GUI] [Dbg] [Application.cc:528] Loading plugin [InteractiveViewControl]
[GUI] [Msg] Camera view controller topic advertised on [/gui/camera/view_control]
[GUI] [Msg] Camera reference visual topic advertised on [/gui/camera/view_control/reference_visual]
[GUI] [Msg] Camera view control sensitivity advertised on [/gui/camera/view_control/sensitivity]
[GUI] [Msg] Added plugin [Interactive view control] to main window
[GUI] [Msg] Loaded plugin [InteractiveViewControl] from path [/usr/lib/x86_64-linux-gnu/gz-gui-8/plugins/libInteractiveViewControl.so]
[GUI] [Dbg] [Application.cc:528] Loading plugin [CameraTracking]
[GUI] [Msg] Added plugin [Camera tracking] to main window
[GUI] [Msg] Loaded plugin [CameraTracking] from path [/usr/lib/x86_64-linux-gnu/gz-gui-8/plugins/libCameraTracking.so]
[GUI] [Dbg] [Application.cc:528] Loading plugin [MarkerManager]
[GUI] [Msg] Listening to stats on [/world/empty/stats]
[GUI] [Msg] Added plugin [Marker Manager] to main window
[GUI] [Msg] Loaded plugin [MarkerManager] from path [/usr/lib/x86_64-linux-gnu/gz-gui-8/plugins/libMarkerManager.so]
[GUI] [Dbg] [Application.cc:528] Loading plugin [SelectEntities]
[GUI] [Msg] Added plugin [Select entities] to main window
[GUI] [Msg] Loaded plugin [SelectEntities] from path [/usr/lib/x86_64-linux-gnu/gz-sim-8/plugins/gui/libSelectEntities.so]
[GUI] [Dbg] [Application.cc:528] Loading plugin [Spawn]
[GUI] [Msg] Added plugin [Spawn] to main window
[GUI] [Msg] Loaded plugin [Spawn] from path [/usr/lib/x86_64-linux-gnu/gz-sim-8/plugins/gui/libSpawn.so]
[GUI] [Dbg] [Application.cc:528] Loading plugin [VisualizationCapabilities]
[GUI] [Msg] View as transparent service on [/gui/view/transparent]
[GUI] [Msg] View as wireframes service on [/gui/view/wireframes]
[GUI] [Msg] View center of mass service on [/gui/view/com]
[GUI] [Msg] View inertia service on [/gui/view/inertia]
[GUI] [Msg] View collisions service on [/gui/view/collisions]
[GUI] [Msg] View joints service on [/gui/view/joints]
[GUI] [Msg] View frames service on [/gui/view/frames]
[GUI] [Msg] Added plugin [Visualization capabilities] to main window
[GUI] [Msg] Loaded plugin [VisualizationCapabilities] from path [/usr/lib/x86_64-linux-gnu/gz-sim-8/plugins/gui/libVisualizationCapabilities.so]
[GUI] [Dbg] [Application.cc:528] Loading plugin [WorldControl]
[GUI] [Msg] Using world control service [/world/empty/control]
[GUI] [Msg] Listening to stats on [/world/empty/stats]
[GUI] [Dbg] [WorldControl.cc:237] Using an event to share WorldControl msgs with the server
[GUI] [GUI] [Wrn] [Application.cc:908] [QT] file:///usr/lib/x86_64-linux-gnu/qt5/qml/QtQuick/Dialogs/DefaultFileDialog.qml:413:17: QML ToolButton: Binding loop detected for property "implicitHeight"
[GUI] [Wrn] [Application.cc:908] [QT] file:///usr/lib/x86_64-linux-gnu/qt5/qml/QtQuick/Dialogs/DefaultFileDialog.qml:309:21: QML Button: Binding loop detected for property "implicitHeight"
[GUI] [Wrn] [Application.cc:908] [QT] file:///usr/lib/x86_64-linux-gnu/qt5/qml/QtQuick/Dialogs/DefaultFileDialog.qml:309:21: QML Button: Binding loop detected for property "implicitHeight"
[GUI] [Wrn] [Application.cc:908] [QT] file:///usr/lib/x86_64-linux-gnu/qt5/qml/QtQuick/Dialogs/DefaultFileDialog.qml:413:17: QML ToolButton: Binding loop detected for property "implicitHeight"
[GUI] [Wrn] [Application.cc:908] [QT] file:///usr/lib/x86_64-linux-gnu/qt5/qml/QtQuick/Dialogs/DefaultFileDialog.qml:309:21: QML Button: Binding loop detected for property "implicitHeight"
[GUI] [Wrn] [Application.cc:908] [QT] file:///usr/lib/x86_64-linux-gnu/qt5/qml/QtQuick/Dialogs/DefaultFileDialog.qml:309:21: QML Button: Binding loop detected for property "implicitHeight"
[1;32m[Msg] Added plugin [World control] to main window
[GUI] [Msg] Loaded plugin [WorldControl] from path [/usr/lib/x86_64-linux-gnu/gz-gui-8/plugins/libWorldControl.so]
[GUI] [Dbg] [Application.cc:528] Loading plugin [WorldStats]
[GUI] [Msg] Listening to stats on [/world/empty/stats]
[GUI] [Msg] Added plugin [World stats] to main window
[GUI] [Msg] Loaded plugin [WorldStats] from path [/usr/lib/x86_64-linux-gnu/gz-gui-8/plugins/libWorldStats.so]
[GUI] [Dbg] [Application.cc:528] Loading plugin [Shapes]
[GUI] [Msg] Added plugin [Shapes] to main window
[GUI] [Msg] Loaded plugin [Shapes] from path [/usr/lib/x86_64-linux-gnu/gz-sim-8/plugins/gui/libShapes.so]
[GUI] [Dbg] [Application.cc:528] Loading plugin [Lights]
[GUI] [Msg] Added plugin [Lights] to main window
[GUI] [Msg] Loaded plugin [Lights] from path [/usr/lib/x86_64-linux-gnu/gz-sim-8/plugins/gui/libLights.so]
[GUI] [Dbg] [Application.cc:528] Loading plugin [TransformControl]
[GUI] [Msg] Added plugin [Transform control] to main window
[GUI] [Msg] Loaded plugin [TransformControl] from path [/usr/lib/x86_64-linux-gnu/gz-sim-8/plugins/gui/libTransformControl.so]
[GUI] [Dbg] [Application.cc:528] Loading plugin [Screenshot]
[GUI] [Msg] Screenshot service on [/gui/screenshot]
[GUI] [Msg] Added plugin [Screenshot] to main window
[GUI] [Msg] Loaded plugin [Screenshot] from path [/usr/lib/x86_64-linux-gnu/gz-gui-8/plugins/libScreenshot.so]
[GUI] [Dbg] [Application.cc:528] Loading plugin [CopyPaste]
[GUI] [Msg] Added plugin [Copy/Paste] to main window
[GUI] [Msg] Loaded plugin [CopyPaste] from path [/usr/lib/x86_64-linux-gnu/gz-sim-8/plugins/gui/libCopyPaste.so]
[GUI] [Dbg] [Application.cc:528] Loading plugin [ComponentInspector]
[GUI] [Msg] Added plugin [Component inspector] to main window
[GUI] [Msg] Loaded plugin [ComponentInspector] from path [/usr/lib/x86_64-linux-gnu/gz-sim-8/plugins/gui/libComponentInspector.so]
[GUI] [Dbg] [Application.cc:528] Loading plugin [EntityTree]
[GUI] [Msg] Currently tracking topic on [/gui/currently_tracked]
[GUI] [Msg] Added plugin [Entity tree] to main window
[GUI] [Msg] Loaded plugin [EntityTree] from path [[GUI] [Wrn] [Application.cc:908] [QT] file::/WorldStats/WorldStats.qml:53:3: QML RowLayout: Binding loop detected for property "x"
 on [/gazebo/worlds]
[Msg] Resource path add service on [/gazebo/resource_paths/add].
[Msg] Resource path get service on [/gazebo/resource_paths/get].
[Msg] Resource path resolve service on [/gazebo/resource_paths/resolve].
[Msg] Resource paths published on [/gazebo/resource_paths].
[Msg] Server control service on [/server_control].
[Msg] Found no publishers on /stats, adding root stats topic
[Msg] Found no publishers on /clock, adding root clock topic
[Dbg] [SimulationRunner.cc:533] Creating PostUpdate worker threads: 5
[Dbg] [SimulationRunner.cc:544] Creating postupdate worker thread (0)
[Dbg] [SimulationRunner.cc:544] Creating postupdate worker thread (1)
[Dbg] [SimulationRunner.cc:544] Creating postupdate worker thread (2)
[Dbg] [SimulationRunner.cc:544] Creating postupdate worker thread (3)
[Dbg] [SDFFeatures.cc:332] Mesh construction from an SDF has not been implemented yet for dartsim. Use AttachMeshShapeFeature to use mesh shapes.
[Dbg] [SDFFeatures.cc:864] The geometry element of collision [left_ankle_pitch_link_collision] couldn't be created
[Dbg] [SDFFeatures.cc:332] Mesh construction from an SDF has not been implemented yet for dartsim. Use AttachMeshShapeFeature to use mesh shapes.
[Dbg] [SDFFeatures.cc:864] The geometry element of collision [left_ankle_roll_link_collision] couldn't be created
[Dbg] [SDFFeatures.cc:332] Mesh construction from an SDF has not been implemented yet for dartsim. Use AttachMeshShapeFeature to use mesh shapes.
[Dbg] [SDFFeatures.cc:864] The geometry element of collision [right_ankle_pitch_link_collision] couldn't be created
[Dbg] [SDFFeatures.cc:332] Mesh construction from an SDF has not been implemented yet for dartsim. Use AttachMeshShapeFeature to use mesh shapes.
[Dbg] [SDFFeatures.cc:864] The geometry element of collision [right_ankle_roll_link_collision] couldn't be created
[Dbg] [SDFFeatures.cc:332] Mesh construction from an SDF has not been implemented yet for dartsim. Use AttachMeshShapeFeature to use mesh shapes.
[Dbg] [SDFFeatures.cc:864] The geometry element of collision [left_shoulder_pitch_link_collision] couldn't be created
[Dbg] [SDFFeatures.cc:332] Mesh construction from an SDF has not been implemented yet for dartsim. Use AttachMeshShapeFeature to use mesh shapes.
[Dbg] [SDFFeatures.cc:864] The geometry element of collision [left_shoulder_roll_link_collision] couldn't be created
[Dbg] [SDFFeatures.cc:332] Mesh construction from an SDF has not been implemented yet for dartsim. Use AttachMeshShapeFeature to use mesh shapes.
[Dbg] [SDFFeatures.cc:864] The geometry element of collision [left_shoulder_yaw_link_collision] couldn't be created
[Dbg] [SDFFeatures.cc:332] Mesh construction from an SDF has not been implemented yet for dartsim. Use AttachMeshShapeFeature to use mesh shapes.
[Dbg] [SDFFeatures.cc:864] The geometry element of collision [left_elbow_link_collision] couldn't be created
[Dbg] [SDFFeatures.cc:332] Mesh construction from an SDF has not been implemented yet for dartsim. Use AttachMeshShapeFeature to use mesh shapes.
[Dbg] [SDFFeatures.cc:864] The geometry element of collision [left_wrist_roll_link_collision] couldn't be created
[Dbg] [SDFFeatures.cc:332] Mesh construction from an SDF has not been implemented yet for dartsim. Use AttachMeshShapeFeature to use mesh shapes.
[Dbg] [SDFFeatures.cc:864] The geometry element of collision [left_wrist_pitch_link_collision] couldn't be created
[Dbg] [SDFFeatures.cc:332] Mesh construction from an SDF has not been implemented yet for dartsim. Use AttachMeshShapeFeature to use mesh shapes.
[Dbg] [SDFFeatures.cc:864] The geometry element of collision [left_wrist_yaw_link_fixed_joint_lump__L_hand_base_link_collision] couldn't be created
[Dbg] [SDFFeatures.cc:332] Mesh construction from an SDF has not been implemented yet for dartsim. Use AttachMeshShapeFeature to use mesh shapes.
[Dbg] [SDFFeatures.cc:864] The geometry element of collision [L_index_proximal_collision] couldn't be created
[Dbg] [SDFFeatures.cc:332] Mesh construction from an SDF has not been implemented yet for dartsim. Use AttachMeshShapeFeature to use mesh shapes.
[Dbg] [SDFFeatures.cc:864] The geometry element of collision [L_index_intermediate_collision] couldn't be created
[Dbg] [SDFFeatures.cc:332] Mesh construction from an SDF has not been implemented yet for dartsim. Use AttachMeshShapeFeature to use mesh shapes.
[Dbg] [SDFFeatures.cc:864] The geometry element of collision [L_middle_proximal_collision] couldn't be created
[Dbg] [SDFFeatures.cc:332] Mesh construction from an SDF has not been implemented yet for dartsim. Use AttachMeshShapeFeature to use mesh shapes.
[Dbg] [SDFFeatures.cc:864] The geometry element of collision [L_middle_intermediate_collision] couldn't be created
[Dbg] [SDFFeatures.cc:332] Mesh construction from an SDF has not been implemented yet for dartsim. Use AttachMeshShapeFeature to use mesh shapes.
[Dbg] [SDFFeatures.cc:864] The geometry element of collision [L_pinky_proximal_collision] couldn't be created
[Dbg] [SDFFeatures.cc:332] Mesh construction from an SDF has not been implemented yet for dartsim. Use AttachMeshShapeFeature to use mesh shapes.
[Dbg] [SDFFeatures.cc:864] The geometry element of collision [L_pinky_intermediate_collision] couldn't be created
[Dbg] [SDFFeatures.cc:332] Mesh construction from an SDF has not been implemented yet for dartsim. Use AttachMeshShapeFeature to use mesh shapes.
[Dbg] [SDFFeatures.cc:864] The geometry element of collision [L_ring_proximal_collision] couldn't be created
[Dbg] [SDFFeatures.cc:332] Mesh construction from an SDF has not been implemented yet for dartsim. Use AttachMeshShapeFeature to use mesh shapes.
[Dbg] [SDFFeatures.cc:864] The geometry element of collision [L_ring_intermediate_collision] couldn't be created
[Dbg] [SDFFeatures.cc:332] Mesh construction from an SDF has not been implemented yet for dartsim. Use AttachMeshShapeFeature to use mesh shapes.
[Dbg] [SDFFeatures.cc:864] The geometry element of collision [L_thumb_proximal_base_collision] couldn't be created
[Dbg] [SDFFeatures.cc:332] Mesh construction from an SDF has not been implemented yet for dartsim. Use AttachMeshShapeFeature to use mesh shapes.
[Dbg] [SDFFeatures.cc:864] The geometry element of collision [L_thumb_proximal_collision] couldn't be created
[Dbg] [SDFFeatures.cc:332] Mesh construction from an SDF has not been implemented yet for dartsim. Use AttachMeshShapeFeature to use mesh shapes.
[Dbg] [SDFFeatures.cc:864] The geometry element of collision [L_thumb_intermediate_collision] couldn't be created
[Dbg] [SDFFeatures.cc:332] Mesh construction from an SDF has not been implemented yet for dartsim. Use AttachMeshShapeFeature to use mesh shapes.
[Dbg] [SDFFeatures.cc:864] The geometry element of collision [L_thumb_distal_collision] couldn't be created
[Dbg] [SDFFeatures.cc:332] Mesh construction from an SDF has not been implemented yet for dartsim. Use AttachMeshShapeFeature to use mesh shapes.
[Dbg] [SDFFeatures.cc:864] The geometry element of collision [right_shoulder_pitch_link_collision] couldn't be created
[Dbg] [SDFFeatures.cc:332] Mesh construction from an SDF has not been implemented yet for dartsim. Use AttachMeshShapeFeature to use mesh shapes.
[Dbg] [SDFFeatures.cc:864] The geometry element of collision [right_shoulder_roll_link_collision] couldn't be created
[Dbg] [SDFFeatures.cc:332] Mesh construction from an SDF has not been implemented yet for dartsim. Use AttachMeshShapeFeature to use mesh shapes.
[Dbg] [SDFFeatures.cc:864] The geometry element of collision [right_shoulder_yaw_link_collision] couldn't be created
[Dbg] [SDFFeatures.cc:332] Mesh construction from an SDF has not been implemented yet for dartsim. Use AttachMeshShapeFeature to use mesh shapes.
[Dbg] [SDFFeatures.cc:864] The geometry element of collision [right_elbow_link_collision] couldn't be created
[Dbg] [SDFFeatures.cc:332] Mesh construction from an SDF has not been implemented yet for dartsim. Use AttachMeshShapeFeature to use mesh shapes.
[Dbg] [SDFFeatures.cc:864] The geometry element of collision [right_wrist_roll_link_collision] couldn't be created
[Dbg] [SDFFeatures.cc:332] Mesh construction from an SDF has not been implemented yet for dartsim. Use AttachMeshShapeFeature to use mesh shapes.
[Dbg] [SDFFeatures.cc:864] The geometry element of collision [right_wrist_pitch_link_collision] couldn't be created
[Dbg] [SDFFeatures.cc:332] Mesh construction from an SDF has not been implemented yet for dartsim. Use AttachMeshShapeFeature to use mesh shapes.
[Dbg] [SDFFeatures.cc:864] The geometry element of collision [right_wrist_yaw_link_fixed_joint_lump__R_hand_base_link_collision] couldn't be created
[Dbg] [SDFFeatures.cc:332] Mesh construction from an SDF has not been implemented yet for dartsim. Use AttachMeshShapeFeature to use mesh shapes.
[Dbg] [SDFFeatures.cc:864] The geometry element of collision [R_index_proximal_collision] couldn't be cre[Err] [Physics.cc:1785] Attempting to create a mimic constraint for joint [L_index_intermediate_joint] but the chosen physics engine does not support mimic constraints, so no constraint will be created.
ated
[Dbg] [SDFFeatures.cc:332] Mesh construction from an SDF has not been implemented yet for dartsim. Use AttachMeshShapeFeature to use mesh shapes.
[Dbg] [SDFFeatures.cc:864] The geometry element of collision [R_index_intermediate_collision] couldn't be created
[Dbg] [SDFFeatures.cc:332] Mesh construction from an SDF has not been implemented yet for dartsim. Use AttachMeshShapeFeature to use mesh shapes.
[Dbg] [SDFFeatures.cc:864] The geometry element of collision [R_middle_proximal_collision] couldn't be created
[Dbg] [SDFFeatures.cc:332] Mesh construction from an SDF has not been implemented yet for dartsim. Use AttachMeshShapeFeature to use mesh shapes.
[Dbg] [SDFFeatures.cc:864] The geometry element of collision [R_middle_intermediate_collision] couldn't be created
[Dbg] [SDFFeatures.cc:332] Mesh construction from an SDF has not been implemented yet for dartsim. Use AttachMeshShapeFeature to use mesh shapes.
[Dbg] [SDFFeatures.cc:864] The geometry element of collision [R_pinky_proximal_collision] couldn't be created
[Dbg] [SDFFeatures.cc:332] Mesh construction from an SDF has not been implemented yet for dartsim. Use AttachMeshShapeFeature to use mesh shapes.
[Dbg] [SDFFeatures.cc:864] The geometry element of collision [R_pinky_intermediate_collision] couldn't be created
[Dbg] [SDFFeatures.cc:332] Mesh construction from an SDF has not been implemented yet for dartsim. Use AttachMeshShapeFeature to use mesh shapes.
[Dbg] [SDFFeatures.cc:864] The geometry element of collision [R_ring_proximal_collision] couldn't be created
[Dbg] [SDFFeatures.cc:332] Mesh construction from an SDF has not been implemented yet for dartsim. Use AttachMeshShapeFeature to use mesh shapes.
[Dbg] [SDFFeatures.cc:864] The geometry element of collision [R_ring_intermediate_collision] couldn't be created
[Dbg] [SDFFeatures.cc:332] Mesh construction from an SDF has not been implemented yet for dartsim. Use AttachMeshShapeFeature to use mesh shapes.
[Dbg] [SDFFeatures.cc:864] The geometry element of collision [R_thumb_proximal_base_collision] couldn't be created
[Dbg] [SDFFeatures.cc:332] Mesh construction from an SDF has not been implemented yet for dartsim. Use AttachMeshShapeFeature to use mesh shapes.
[Dbg] [SDFFeatures.cc:864] The geometry element of collision [R_thumb_proximal_collision] couldn't be created
[Dbg] [SDFFeatures.cc:332] Mesh construction from an SDF has not been implemented yet for dartsim. Use AttachMeshShapeFeature to use mesh shapes.
[Dbg] [SDFFeatures.cc:864] The geometry element of collision [R_thumb_intermediate_collision] couldn't be created
[Dbg] [SDFFeatures.cc:332] Mesh construction from an SDF has not been implemented yet for dartsim. Use AttachMeshShapeFeature to use mesh shapes.
[Dbg] [SDFFeatures.cc:864] The geometry element of collision [R_thumb_distal_collision] couldn't be created
[Dbg] [ImuSensor.cc:150] IMU data for [h1_2::torso_link::imu_sensor] advertised on [imu]
[Msg] Serving scene information on [/world/empty/scene/info/usr/lib/x86_64-linux-gnu/gz-sim-8/plugins/gui/libEntityTree.so]
[GUI] [Dbg] [Application.cc:398] Loading window config
[GUI] [Msg] Using server control service [/server_control]
[GUI] [Dbg] [Application.cc:671] Applying config
[GUI] [Dbg] [MinimalScene.cc:802] Creating gz-rendering interface for OpenGL
[GUI] [Dbg] [MinimalScene.cc:986] Creating render thread interface for OpenGL
[GUI] [Msg] Loading plugin [gz-rendering-ogre2]
[GUI] [Dbg] [MinimalScene.cc:749] Create scene [scene]
[GUI] [Dbg] [MinimalScene.cc:1037] Creating texture node render interface for OpenGL
[GUI] [Dbg] [TransformControl.cc:453] TransformControl plugin is using camera [scene::Camera(65527)]
[GUI] [Dbg] [Spawn.cc:308] Spawn plugin is using camera [scene::Camera(65527)]
[GUI] [Dbg] [SelectEntities.cc:452] SelectEntities plugin is using camera [scene::Camera(65527)]
[GUI] [Dbg] [MarkerManager.cc:169] Advertise /marker/list service.
[GUI] [Dbg] [MarkerManager.cc:179] Advertise /marker/list.
[GUI] [Dbg] [MarkerManager.cc:189] Advertise /marker_array.
[GUI] [Dbg] [CameraTracking.cc:205] CameraTrackingPrivate plugin is moving camera [scene::Camera(65527)]
[GUI] [Msg] Move to service on [/gui/move_to]
[GUI] [Msg] Follow service on [/gui/follow] (deprecated)
[GUI] [Msg] Tracking topic on [/gui/track]
[GUI] [Msg] Tracking status topic on [/gui/currently_tracked]
[GUI] [Msg] Move to pose service on [/gui/move_to/pose]
[GUI] [Msg] Camera pose topic advertised on [/gui/camera/pose]
[GUI] [Msg] Follow offset service on [/gui/follow/offset] (deprecated)
[GUI] [Dbg] [InteractiveViewControl.cc:176] InteractiveViewControl plugin is moving camera [scene::Camera(65527)]
[GUI] [Dbg] [EntityContextMenuPlugin.cc:79] Entity context menu plugin is using camera [scene::Camera(65527)]
Warning [Utils.cc:132] [/sdf/model[@name="h1_2"]/sensor[@name="imu_sensor"]:<data-string>:L3370]: XML Element[sensor], child of element[model], not defined in SDF. Copying[sensor] as children of [model].
Warning [Utils.cc:132] [/sdf/model[@name="h1_2"]/sensor[@name="imu_sensor"]:<data-string>:L3370]: XML Element[sensor], child of element[model], not defined in SDF. Copying[sensor] as children of [model].
[GUI] [Dbg] [Gui.cc:535] Shutting down gz-sim-gui
[GUI] [Dbg] [Application.cc:237] Terminating application.
[GUI] [Dbg] [MinimalScene.cc:841] Destroy scene [scene]
]
[Msg] Serving graph information on [/world/empty/scene/graph]
[Msg] Serving full state on [/world/empty/state]
[Msg] Serving full state (async) on [/world/empty/state_async]
[Msg] Publishing scene information on [/world/empty/scene/info]
[Msg] Publishing entity deletions on [/world/empty/scene/deletion]
[Msg] Publishing state changes on [/world/empty/state]
[Msg] Publishing pose messages on [/world/empty/pose/info]
[Msg] Publishing dynamic pose messages on [/world/empty/dynamic_pose/info]
[Dbg] [EntityComponentManager.cc:1656] Updated state thread iterators: 12 threads processing around 19 entities each.
[Dbg] [SignalHandler.cc:142] Received signal[2].
[Dbg] [ServerPrivate.cc:122] Server received signal[2]
[Dbg] [gz.cc:434] Shutting down gz-sim-server
[Dbg] [SimulationRunner.cc:560] Exiting postupdate worker thread (2)
[Dbg] [SimulationRunner.cc:560] Exiting postupdate worker thread (0Exiting postupdate worker thread (3)
[Dbg] [SimulationRunner.cc:560] Exiting postupdate worker thread (1)
0)
